{"timestamp": "2026-06-05T09:11:01.031390+00:00", "action": "create", "entity_type": "mission", "entity_id": "mission-295c5a35", "details": {"name": "משימת נסיון", "owner": "בעלים שלא מסגיר"}, "changed_by": "נועם"}
{"timestamp": "2026-06-05T09:11:13.266581+00:00", "action": "archive", "entity_type": "mission", "entity_id": "mission-295c5a35", "details": {"name": "משימת נסיון"}, "changed_by": "נועם"}
{"timestamp": "2026-06-05T09:11:20.689410+00:00", "action": "delete", "entity_type": "archived_mission", "entity_id": "mission-295c5a35", "details": {"name": "משימת נסיון"}, "changed_by": "נועם"}
{"timestamp": "2026-06-05T09:11:53.815281+00:00", "action": "update", "entity_type": "mission", "entity_id": "mission-3c880ab5", "details": {"before": {"requirements_count": 2}, "after": {"requirements_count": 3}}, "changed_by": "נועם"}
{"timestamp": "2026-06-05T09:12:08.555735+00:00", "action": "update", "entity_type": "radio", "entity_id": "radio-abd96b48", "details": {"before": {"frequency": null, "owner": "", "mission_name": null, "role": null}, "after": {"frequency": 129.9, "owner": "בעלים איכותי", "mission_name": "חתונת השנה", "role": "סיוע חשוב"}, "trigger": "allocate"}, "changed_by": "נועם"}
{"timestamp": "2026-06-05T09:12:34.304660+00:00", "action": "update", "entity_type": "radio", "entity_id": "radio-0c858cda", "details": {"before": {"frequency": 55.5, "owner": "בעלים איכותי", "mission_name": "חתונת השנה", "role": "אבטחה", "standby_frequency": null, "standby_owner": null, "standby_mission": null, "standby_role": null}, "after": {"frequency": null, "owner": null, "mission_name": null, "role": null, "standby_frequency": 55.5, "standby_owner": "בעלים איכותי", "standby_mission": "חתונת השנה", "standby_role": "אבטחה"}, "trigger": "demote_standby"}, "changed_by": "נועם"}
{"timestamp": "2026-06-05T09:12:34.305172+00:00", "action": "update", "entity_type": "radio", "entity_id": "radio-5a311519", "details": {"before": {"frequency": 136.6, "owner": "בעלים איכותי", "mission_name": "חתונת השנה", "role": "סיור רכוב", "standby_frequency": null, "standby_owner": null, "standby_mission": null, "standby_role": null}, "after": {"frequency": null, "owner": null, "mission_name": null, "role": null, "standby_frequency": 136.6, "standby_owner": "בעלים איכותי", "standby_mission": "חתונת השנה", "standby_role": "סיור רכוב"}, "trigger": "demote_standby"}, "changed_by": "נועם"}
{"timestamp": "2026-06-05T09:12:34.305565+00:00", "action": "update", "entity_type": "radio", "entity_id": "radio-abd96b48", "details": {"before": {"frequency": 129.9, "owner": "בעלים איכותי", "mission_name": "חתונת השנה", "role": "סיוע חשוב", "standby_frequency": null, "standby_owner": null, "standby_mission": null, "standby_role": null}, "after": {"frequency": null, "owner": null, "mission_name": null, "role": null, "standby_frequency": 129.9, "standby_owner": "בעלים איכותי", "standby_mission": "חתונת השנה", "standby_role": "סיוע חשוב"}, "trigger": "demote_standby"}, "changed_by": "נועם"}
{"timestamp": "2026-06-05T09:13:02.858253+00:00", "action": "update", "entity_type": "radio", "entity_id": "radio-0c858cda", "details": {"before": {"frequency": null, "owner": null, "mission_name": null, "role": null, "standby_frequency": 55.5, "standby_owner": "בעלים איכותי", "standby_mission": "חתונת השנה", "standby_role": "אבטחה"}, "after": {"frequency": 55.5, "owner": "בעלים איכותי", "mission_name": "חתונת השנה", "role": "אבטחה", "standby_frequency": null, "standby_owner": null, "standby_mission": null, "standby_role": null}, "trigger": "activate_standby"}, "changed_by": "נועם"}
{"timestamp": "2026-06-05T09:13:02.858629+00:00", "action": "update", "entity_type": "radio", "entity_id": "radio-5a311519", "details": {"before": {"frequency": null, "owner": null, "mission_name": null, "role": null, "standby_frequency": 136.6, "standby_owner": "בעלים איכותי", "standby_mission": "חתונת השנה", "standby_role": "סיור רכוב"}, "after": {"frequency": 136.6, "owner": "בעלים איכותי", "mission_name": "חתונת השנה", "role": "סיור רכוב", "standby_frequency": null, "standby_owner": null, "standby_mission": null, "standby_role": null}, "trigger": "activate_standby"}, "changed_by": "נועם"}
{"timestamp": "2026-06-05T09:13:02.858890+00:00", "action": "update", "entity_type": "radio", "entity_id": "radio-abd96b48", "details": {"before": {"frequency": null, "owner": null, "mission_name": null, "role": null, "standby_frequency": 129.9, "standby_owner": "בעלים איכותי", "standby_mission": "חתונת השנה", "standby_role": "סיוע חשוב"}, "after": {"frequency": 129.9, "owner": "בעלים איכותי", "mission_name": "חתונת השנה", "role": "סיוע חשוב", "standby_frequency": null, "standby_owner": null, "standby_mission": null, "standby_role": null}, "trigger": "activate_standby"}, "changed_by": "נועם"}
{"timestamp": "2026-06-05T09:13:24.824868+00:00", "action": "update", "entity_type": "radio", "entity_id": "radio-0c858cda", "details": {"before": {"frequency": 55.5, "owner": "בעלים איכותי", "mission_name": "חתונת השנה", "role": "אבטחה"}, "after": {"frequency": null, "owner": null, "mission_name": null, "role": null}, "trigger": "end_mission"}, "changed_by": "נועם"}
{"timestamp": "2026-06-05T09:13:25.101322+00:00", "action": "update", "entity_type": "radio", "entity_id": "radio-5a311519", "details": {"before": {"frequency": 136.6, "owner": "בעלים איכותי", "mission_name": "חתונת השנה", "role": "סיור רכוב"}, "after": {"frequency": null, "owner": null, "mission_name": null, "role": null}, "trigger": "end_mission"}, "changed_by": "נועם"}
{"timestamp": "2026-06-05T09:13:25.140401+00:00", "action": "update", "entity_type": "radio", "entity_id": "radio-abd96b48", "details": {"before": {"frequency": 129.9, "owner": "בעלים איכותי", "mission_name": "חתונת השנה", "role": "סיוע חשוב"}, "after": {"frequency": null, "owner": null, "mission_name": null, "role": null}, "trigger": "end_mission"}, "changed_by": "נועם"}
{"timestamp": "2026-06-05T09:13:25.427679+00:00", "action": "end_mission", "entity_type": "mission", "entity_id": "mission-3c880ab5", "details": {"name": "חתונת השנה"}, "changed_by": "נועם"}
{"timestamp": "2026-06-05T09:13:51.051233+00:00", "action": "restore", "entity_type": "mission", "entity_id": "mission-3c880ab5", "details": {"name": "חתונת השנה"}, "changed_by": "נועם"}
{"timestamp": "2026-06-05T09:14:00.872012+00:00", "action": "activate", "entity_type": "mission", "entity_id": "mission-3c880ab5", "details": {"name": "חתונת השנה"}, "changed_by": "נועם"}
{"timestamp": "2026-06-05T09:14:06.269046+00:00", "action": "update", "entity_type": "radio", "entity_id": "radio-5a311519", "details": {"before": {"frequency": null, "owner": null, "mission_name": null, "role": null}, "after": {"frequency": 136.6, "owner": "בעלים איכותי", "mission_name": "חתונת השנה", "role": "סיור רכוב"}, "trigger": "allocate"}, "changed_by": "נועם"}
{"timestamp": "2026-06-05T09:14:06.269422+00:00", "action": "update", "entity_type": "radio", "entity_id": "radio-0c858cda", "details": {"before": {"frequency": null, "owner": null, "mission_name": null, "role": null}, "after": {"frequency": 55.5, "owner": "בעלים איכותי", "mission_name": "חתונת השנה", "role": "אבטחה"}, "trigger": "allocate"}, "changed_by": "נועם"}
{"timestamp": "2026-06-05T09:14:06.270037+00:00", "action": "update", "entity_type": "radio", "entity_id": "radio-abd96b48", "details": {"before": {"frequency": null, "owner": null, "mission_name": null, "role": null}, "after": {"frequency": 129.9, "owner": "בעלים איכותי", "mission_name": "חתונת השנה", "role": "סיוע חשוב"}, "trigger": "allocate"}, "changed_by": "נועם"}
{"timestamp": "2026-06-05T09:14:33.546266+00:00", "action": "update", "entity_type": "sector", "entity_id": "sector-374d66fb", "details": {"before": {"name": "גזרת צפון"}, "after": {"name": "גזרת צפון 1"}}, "changed_by": "נועם"}
{"timestamp": "2026-06-05T09:14:48.585430+00:00", "action": "update", "entity_type": "sector", "entity_id": "sector-374d66fb", "details": {"before": {"name": "גזרת צפון 1"}, "after": {"name": "גזרת צפון"}}, "changed_by": "נועם"}
{"timestamp": "2026-06-05T09:14:55.209234+00:00", "action": "create", "entity_type": "sector", "entity_id": "sector-6e952c0d", "details": {"name": "נסיון"}, "changed_by": "נועם"}
{"timestamp": "2026-06-05T09:15:05.633345+00:00", "action": "delete", "entity_type": "sector", "entity_id": "sector-6e952c0d", "details": {"cascaded_sites": []}, "changed_by": "נועם"}
{"timestamp": "2026-06-05T09:15:50.679800+00:00", "action": "create", "entity_type": "site", "entity_id": "site-4c711953", "details": {"name": "אתר נסיון", "sector_name": "גזרת צפון"}, "changed_by": "נועם"}
{"timestamp": "2026-06-05T09:16:56.597891+00:00", "action": "login", "entity_type": "user", "details": {"username": "נועם"}}
{"timestamp": "2026-06-05T09:17:24.986887+00:00", "action": "delete", "entity_type": "site", "entity_id": "site-4c711953", "details": {"name": "אתר נסיון"}, "changed_by": "נועם"}
{"timestamp": "2026-06-05T09:18:54.406893+00:00", "action": "update", "entity_type": "site", "entity_id": "site-ef4653df", "details": {"before": {"site_type": "Fixed"}, "after": {"site_type": "Mobile"}}, "changed_by": "נועם"}
{"timestamp": "2026-06-05T09:20:41.197793+00:00", "action": "login", "entity_type": "user", "details": {"username": "נועם"}}
{"timestamp": "2026-06-05T09:20:55.995908+00:00", "action": "update", "entity_type": "site", "entity_id": "site-ef4653df", "details": {"name": "צפת", "before": {"site_type": "Mobile"}, "after": {"site_type": "Fixed"}}, "changed_by": "נועם"}
{"timestamp": "2026-06-05T09:21:07.076394+00:00", "action": "update", "entity_type": "site", "entity_id": "site-ef4653df", "details": {"name": "צפת", "before": {"name": "צפת"}, "after": {"name": "צפת1"}}, "changed_by": "נועם"}
{"timestamp": "2026-06-05T09:21:15.832322+00:00", "action": "update", "entity_type": "site", "entity_id": "site-ef4653df", "details": {"name": "צפת1", "before": {"name": "צפת1"}, "after": {"name": "צפת"}}, "changed_by": "נועם"}
{"timestamp": "2026-06-05T09:22:29.211005+00:00", "action": "update", "entity_type": "link", "entity_id": "link-1ef94b63", "details": {"name": "נסיון 123", "before": {"owner": "בעלים שלא מסגיר"}, "after": {"owner": "בעלים איכותי"}}, "changed_by": "נועם"}
{"timestamp": "2026-06-05T09:22:44.655658+00:00", "action": "delete", "entity_type": "link", "entity_id": "link-1ef94b63", "details": {"link_name": "נסיון 123", "frequency": 123.55, "frequency_band": "HVHF"}, "changed_by": "נועם"}
{"timestamp": "2026-06-05T09:27:03.923882+00:00", "action": "login", "entity_type": "user", "details": {"username": "נועם"}}
{"timestamp": "2026-06-05T09:28:35.170178+00:00", "action": "update", "entity_type": "sector", "entity_id": "sector-374d66fb", "details": {"name": "גזרת צפון", "before": {"name": "גזרת צפון"}, "after": {"name": "גזרת צפון44"}}, "changed_by": "נועם"}
{"timestamp": "2026-06-05T09:28:44.922228+00:00", "action": "update", "entity_type": "sector", "entity_id": "sector-374d66fb", "details": {"name": "גזרת צפון44", "before": {"name": "גזרת צפון44"}, "after": {"name": "גזרת צפון"}}, "changed_by": "נועם"}
{"timestamp": "2026-06-05T09:29:57.088375+00:00", "action": "delete", "entity_type": "radio", "entity_id": "radio-956e50e7", "details": {"device_type": "מכשיר שהוא מכונה", "frequency_band": "LVHF", "site_name": "צפת"}, "changed_by": "נועם"}
{"timestamp": "2026-06-05T09:30:02.060016+00:00", "action": "delete", "entity_type": "radio", "entity_id": "radio-595d7dee", "details": {"device_type": "מכשיר שהוא מכונה", "frequency_band": "LVHF", "site_name": "צפת"}, "changed_by": "נועם"}
{"timestamp": "2026-06-05T09:30:20.550370+00:00", "action": "delete", "entity_type": "radio", "entity_id": "radio-98c7d0a1", "details": {"device_type": "מכשיר שהוא מכונה", "frequency_band": "LVHF", "site_name": "תל אביב"}, "changed_by": "נועם"}
{"timestamp": "2026-06-05T09:30:22.977866+00:00", "action": "delete", "entity_type": "radio", "entity_id": "radio-5c2d59f3", "details": {"device_type": "מכשיר שהוא מכונה", "frequency_band": "LVHF", "site_name": "תל אביב"}, "changed_by": "נועם"}
{"timestamp": "2026-06-05T09:30:25.878239+00:00", "action": "delete", "entity_type": "radio", "entity_id": "radio-b7cc8149", "details": {"device_type": "מכשיר שהוא מכונה", "frequency_band": "LVHF", "site_name": "תל אביב"}, "changed_by": "נועם"}
{"timestamp": "2026-06-05T09:32:09.412154+00:00", "action": "update", "entity_type": "radio", "entity_id": "radio-dfaa46fa", "details": {"device_type": "מכשיר טוב", "site_name": "צפת", "before": {}, "after": {}}, "changed_by": "נועם"}
{"timestamp": "2026-06-05T09:38:45.760101+00:00", "action": "login", "entity_type": "user", "details": {"username": "נועם"}}
{"timestamp": "2026-06-05T09:40:03.811377+00:00", "action": "login", "entity_type": "user", "details": {"username": "נועם"}}
{"timestamp": "2026-06-05T09:40:12.352639+00:00", "action": "create", "entity_type": "owner", "entity_id": "owner-4c6ca5d5", "details": {"name": "נסיון"}, "changed_by": "נועם"}
{"timestamp": "2026-06-05T09:40:25.933780+00:00", "action": "delete", "entity_type": "owner", "entity_id": "owner-4c6ca5d5", "details": {"name": "נסיון"}, "changed_by": "נועם"}
{"timestamp": "2026-06-05T09:40:41.913702+00:00", "action": "create", "entity_type": "owner", "entity_id": "owner-d929658c", "details": {"name": "שדג"}, "changed_by": "נועם"}
{"timestamp": "2026-06-05T09:40:47.642246+00:00", "action": "delete", "entity_type": "owner", "entity_id": "owner-d929658c", "details": {"name": "שדג"}, "changed_by": "נועם"}
{"timestamp": "2026-06-05T09:41:22.799680+00:00", "action": "update", "entity_type": "radio", "entity_id": "radio-dfaa46fa", "details": {"device_type": "מכשיר טוב", "site_name": "צפת", "before": {"notes": "נסיון"}, "after": {"notes": "שדג"}}, "changed_by": "נועם"}
{"timestamp": "2026-06-05T09:41:29.902561+00:00", "action": "update", "entity_type": "radio", "entity_id": "radio-dfaa46fa", "details": {"device_type": "מכשיר טוב", "site_name": "צפת", "before": {"notes": "שדג"}, "after": {"notes": null}}, "changed_by": "נועם"}
{"timestamp": "2026-06-05T09:45:44.237065+00:00", "action": "login", "entity_type": "user", "details": {"username": "נועם"}}
{"timestamp": "2026-06-05T09:45:51.666071+00:00", "action": "update", "entity_type": "user", "details": {"username": "משתמש מדורי", "before": {"owner": "בעלים שלא מסגיר"}, "after": {"owner": "בעלים איכותי"}}, "changed_by": "נועם"}
{"timestamp": "2026-06-05T09:52:35.513050+00:00", "action": "login", "entity_type": "user", "details": {"username": "נועם"}}
